# serializer version: 1
# name: test_transform_csv[csv_path-yaml_path-None]
  'e701a28460b3cb27cf61ab646d28fb04'
# ---
