# serializer version: 1
# name: test_split_yaml[correct_yaml_path-None]
  list([
    '0e43b7cdcd8d458cc4e6ff80e06ba7ea',
    '43a7f9fbac5c32f51fa51680c7679a57',
    'edf8dd2d39b74619d17b298e3b010c77',
  ])
# ---
